\BOOKMARK [0][-]{bookmarktoc1.0}{\376\377\166\356\000\040\137\125}{}% 1
\BOOKMARK [0][-]{bookmarklof3.0}{\376\377\126\376\166\356\137\125}{}% 2
\BOOKMARK [0][-]{bookmarklot4.0}{\376\377\210\150\166\356\137\125}{}% 3
\BOOKMARK [0][-]{chapter.1}{\376\377\173\054\116\000\172\340\000\040\176\352\213\272}{}% 4
\BOOKMARK [1][-]{section.1.1}{\376\377\0001\000.\0001\000\040\170\024\172\166\200\314\146\157\116\016\141\017\116\111}{chapter.1}% 5
\BOOKMARK [1][-]{section.1.2}{\376\377\0001\000.\0002\000\040\170\024\172\166\166\356\150\007}{chapter.1}% 6
\BOOKMARK [1][-]{section.1.3}{\376\377\0001\000.\0003\000\040\170\024\172\166\142\100\227\142\116\064\166\204\143\021\142\030}{chapter.1}% 7
\BOOKMARK [1][-]{section.1.4}{\376\377\0001\000.\0004\000\040\170\024\172\166\121\205\133\271}{chapter.1}% 8
\BOOKMARK [2][-]{subsection.1.4.1}{\376\377\0001\000.\0004\000.\0001\000\040\227\142\124\021\131\047\211\304\152\041\210\114\172\013\213\367\154\102\155\101\166\204\143\001\176\355\147\000\117\030\215\357\176\277\176\304\124\010\211\304\122\022}{section.1.4}% 9
\BOOKMARK [2][-]{subsection.1.4.2}{\376\377\0001\000.\0004\000.\0002\000\040\127\372\116\216\217\150\217\371\145\160\143\156\166\204\177\244\117\123\200\124\124\010\171\373\122\250\152\041\137\017\143\026\143\230}{section.1.4}% 10
\BOOKMARK [2][-]{subsection.1.4.3}{\376\377\0001\000.\0004\000.\0003\000\040\131\047\211\304\152\041\171\373\122\250\133\371\214\141\116\012\166\204\143\001\176\355\133\306\122\007\143\245\211\346\123\321\163\260}{section.1.4}% 11
\BOOKMARK [2][-]{subsection.1.4.4}{\376\377\0001\000.\0004\000.\0004\000\040\227\142\124\021\145\366\172\172\217\320\122\250\203\003\126\364\166\204\217\150\217\371\166\370\117\074\140\047\217\336\143\245\145\271\154\325}{section.1.4}% 12
\BOOKMARK [1][-]{section.1.5}{\376\377\0001\000.\0005\000\040\213\272\145\207\166\204\116\073\211\201\215\041\163\056}{chapter.1}% 13
\BOOKMARK [1][-]{section.1.6}{\376\377\0001\000.\0006\000\040\213\272\145\207\166\204\176\304\176\307\176\323\147\204}{chapter.1}% 14
\BOOKMARK [0][-]{chapter.2}{\376\377\173\054\116\214\172\340\000\040\227\142\124\021\145\366\172\172\217\320\122\250\203\003\126\364\166\204\217\150\217\371\166\370\117\074\140\047\217\336\143\245\145\271\154\325}{}% 15
\BOOKMARK [1][-]{section.2.1}{\376\377\0002\000.\0001\000\040\137\025\212\000}{chapter.2}% 16
\BOOKMARK [2][-]{subsection.2.1.1}{\376\377\0002\000.\0001\000.\0001\000\040\170\024\172\166\200\314\146\157\116\016\141\017\116\111}{section.2.1}% 17
\BOOKMARK [2][-]{subsection.2.1.2}{\376\377\0002\000.\0001\000.\0002\000\040\170\024\172\166\121\205\133\271\116\016\143\021\142\030}{section.2.1}% 18
\BOOKMARK [2][-]{subsection.2.1.3}{\376\377\0002\000.\0001\000.\0003\000\040\170\024\172\166\142\020\147\234\116\016\215\041\163\056}{section.2.1}% 19
\BOOKMARK [1][-]{section.2.2}{\376\377\0002\000.\0002\000\040\225\356\230\230\143\317\217\360}{chapter.2}% 20
\BOOKMARK [1][-]{section.2.3}{\376\377\0002\000.\0003\000\040\127\372\116\216\000\040\000M\000*\000-\150\021\166\204\217\336\143\245\173\227\154\325}{chapter.2}% 21
\BOOKMARK [2][-]{subsection.2.3.1}{\376\377\0002\000.\0003\000.\0001\000\040\000M\000*\000-\150\021}{section.2.3}% 22
\BOOKMARK [2][-]{subsection.2.3.2}{\376\377\0002\000.\0003\000.\0002\000\040\116\244\226\306\150\300\147\345}{section.2.3}% 23
\BOOKMARK [2][-]{subsection.2.3.3}{\376\377\0002\000.\0003\000.\0003\000\040\173\227\154\325\176\306\202\202}{section.2.3}% 24
\BOOKMARK [3][-]{subsubsection.2.3.3.1}{\376\377\0002\000.\0003\000.\0003\000.\0001\000\040\145\366\225\364\131\015\147\102\136\246\122\006\147\220}{subsection.2.3.3}% 25
\BOOKMARK [1][-]{section.2.4}{\376\377\0002\000.\0004\000\040\217\320\122\250\203\003\126\364\137\025\133\374\166\204\123\071\221\115\145\271\154\325}{chapter.2}% 26
\BOOKMARK [2][-]{subsection.2.4.1}{\376\377\0002\000.\0004\000.\0001\000\040\145\366\225\364\123\072\225\364\230\204\150\300\147\345}{section.2.4}% 27
\BOOKMARK [2][-]{subsection.2.4.2}{\376\377\0002\000.\0004\000.\0002\000\040\127\372\116\216\000\040\000H\000B\000a\000l\000l\000-\000t\000r\000e\000e\000\040\166\204\116\244\226\306\230\204\150\300\147\345}{section.2.4}% 28
\BOOKMARK [3][-]{subsubsection.2.4.2.1}{\376\377\0002\000.\0004\000.\0002\000.\0001\000\040\000H\000B\000a\000l\000l\000-\000t\000r\000e\000e}{subsection.2.4.2}% 29
\BOOKMARK [3][-]{subsubsection.2.4.2.2}{\376\377\0002\000.\0004\000.\0002\000.\0002\000\040\000H\000B\000a\000l\000l\000-\000t\000r\000e\000e\000\040\166\204\221\315\145\260\122\022\122\006\173\126\165\145}{subsection.2.4.2}% 30
\BOOKMARK [2][-]{subsection.2.4.3}{\376\377\0002\000.\0004\000.\0003\000\040\127\372\116\216\000\040\000H\000B\000a\000l\000l\000-\000t\000r\000e\000e\000\040\166\204\000\040\000J\000o\000i\000n}{section.2.4}% 31
\BOOKMARK [3][-]{subsubsection.2.4.3.1}{\376\377\0002\000.\0004\000.\0003\000.\0001\000\040\122\152\147\235\130\236\137\072\173\126\165\145}{subsection.2.4.3}% 32
\BOOKMARK [3][-]{subsubsection.2.4.3.2}{\376\377\0002\000.\0004\000.\0003\000.\0002\000\040\173\227\154\325\176\306\202\202}{subsection.2.4.3}% 33
\BOOKMARK [3][-]{subsubsection.2.4.3.3}{\376\377\0002\000.\0004\000.\0003\000.\0003\000\040\145\366\225\364\131\015\147\102\136\246}{subsection.2.4.3}% 34
\BOOKMARK [1][-]{section.2.5}{\376\377\0002\000.\0005\000\040\133\236\232\214\170\024\172\166}{chapter.2}% 35
\BOOKMARK [2][-]{subsection.2.5.1}{\376\377\0002\000.\0005\000.\0001\000\040\133\236\232\214\213\276\177\156}{section.2.5}% 36
\BOOKMARK [3][-]{subsubsection.2.5.1.1}{\376\377\0002\000.\0005\000.\0001\000.\0001\000\040\145\160\143\156\121\306\131\007}{subsection.2.5.1}% 37
\BOOKMARK [3][-]{subsubsection.2.5.1.2}{\376\377\0002\000.\0005\000.\0001\000.\0002\000\040\133\371\153\324\173\227\154\325}{subsection.2.5.1}% 38
\BOOKMARK [3][-]{subsubsection.2.5.1.3}{\376\377\0002\000.\0005\000.\0001\000.\0003\000\040\123\302\145\160\213\276\177\156}{subsection.2.5.1}% 39
\BOOKMARK [2][-]{subsection.2.5.2}{\376\377\0002\000.\0005\000.\0002\000\040\133\236\232\214\176\323\147\234\116\016\122\006\147\220}{section.2.5}% 40
\BOOKMARK [3][-]{subsubsection.2.5.2.1}{\376\377\0002\000.\0005\000.\0002\000.\0001\000\040\122\152\147\235\147\011\145\110\140\047\213\304\117\060}{subsection.2.5.2}% 41
\BOOKMARK [3][-]{subsubsection.2.5.2.2}{\376\377\0002\000.\0005\000.\0002\000.\0002\000\040\171\373\122\250\133\371\214\141\127\372\145\160\166\204\137\161\124\315}{subsection.2.5.2}% 42
\BOOKMARK [3][-]{subsubsection.2.5.2.3}{\376\377\0002\000.\0005\000.\0002\000.\0003\000\040\162\171\137\201\145\160\221\317\166\204\137\161\124\315}{subsection.2.5.2}% 43
\BOOKMARK [3][-]{subsubsection.2.5.2.4}{\376\377\0002\000.\0005\000.\0002\000.\0004\000\040\145\366\225\364\123\072\225\364\166\204\137\161\124\315}{subsection.2.5.2}% 44
\BOOKMARK [3][-]{subsubsection.2.5.2.5}{\376\377\0002\000.\0005\000.\0002\000.\0005\000\040\000\040\166\204\137\161\124\315}{subsection.2.5.2}% 45
\BOOKMARK [1][-]{section.2.6}{\376\377\0002\000.\0006\000\040\000I\000S\000-\000J\000o\000i\000n\000\040\166\204\226\104\122\240\133\236\232\214}{chapter.2}% 46
\BOOKMARK [2][-]{subsubsection.2.6.0.1}{\376\377\0002\000.\0006\000.\0000\000.\0001\000\040\166\370\117\074\136\246\226\010\120\074\166\204\137\161\124\315}{section.2.6}% 47
\BOOKMARK [3][-]{subsubsection.2.6.0.2}{\376\377\0002\000.\0006\000.\0000\000.\0002\000\040\221\315\145\260\122\006\123\072\173\126\165\145\166\204\213\304\117\060}{subsubsection.2.6.0.1}% 48
\BOOKMARK [1][-]{section.2.7}{\376\377\0002\000.\0007\000\040\147\054\172\340\134\017\176\323}{chapter.2}% 49
\BOOKMARK [0][-]{chapter*.22}{\376\377\201\364\000\040\214\042}{}% 50
\BOOKMARK [0][-]{section*.23}{\376\377\123\302\200\003\145\207\163\056}{}% 51
