\BOOKMARK [0][-]{bookmarkcover1.0}{\376\377\213\272\145\207\134\001\227\142}{}% 1
\BOOKMARK [0][-]{bookmarkcover2.0}{\376\377\213\272\145\207\134\001\227\142}{}% 2
\BOOKMARK [0][-]{bookmarkcover3.0}{\376\377\213\272\145\207\134\001\227\142}{}% 3
\BOOKMARK [0][-]{bookmarkzhtitlepage4.0}{\376\377\116\055\145\207\142\111\230\165}{}% 4
\BOOKMARK [0][-]{bookmarkzhtitlepage5.0}{\376\377\116\055\145\207\142\111\230\165}{}% 5
\BOOKMARK [0][-]{bookmarkzhtitlepage6.0}{\376\377\116\055\145\207\142\111\230\165}{}% 6
\BOOKMARK [0][-]{bookmarkzhtitlepage7.0}{\376\377\116\055\145\207\142\111\230\165}{}% 7
\BOOKMARK [0][-]{bookmarkentitlepage8.0}{\376\377\202\361\145\207\142\111\230\165}{}% 8
\BOOKMARK [0][-]{bookmarkentitlepage9.0}{\376\377\202\361\145\207\142\111\230\165}{}% 9
\BOOKMARK [0][-]{bookmarkdeclaration10.0}{\376\377\162\354\122\033\140\047\130\360\146\016}{}% 10
\BOOKMARK [0][-]{bookmarkdeclaration11.0}{\376\377\162\354\122\033\140\047\130\360\146\016}{}% 11
\BOOKMARK [0][-]{bookmarkdeclaration12.0}{\376\377\162\354\122\033\140\047\130\360\146\016}{}% 12
\BOOKMARK [0][-]{bookmarkzhabstractI.0}{\376\377\144\130\000\040\211\201}{}% 13
\BOOKMARK [0][-]{bookmarkabstractII.0}{\376\377\000A\000B\000S\000T\000R\000A\000C\000T}{}% 14
\BOOKMARK [0][-]{bookmarktocIII.0}{\376\377\166\356\000\040\137\125}{}% 15
\BOOKMARK [0][-]{bookmarklofIV.0}{\376\377\126\376\166\356\137\125}{}% 16
\BOOKMARK [0][-]{bookmarklotV.0}{\376\377\210\150\166\356\137\125}{}% 17
\BOOKMARK [0][-]{bookmarklistofsymbsVI.0}{\376\377\116\073\211\201\173\046\123\367\210\150}{}% 18
\BOOKMARK [0][-]{bookmarknomenclatureVII.0}{\376\377\177\051\165\145\213\315\210\150}{}% 19
\BOOKMARK [0][-]{chapter.1}{\376\377\173\054\116\000\172\340\000\040\122\115\212\000}{}% 20
\BOOKMARK [1][-]{section.1.1}{\376\377\0001\000.\0001\000\040\137\123\122\115\162\110\147\054\177\026\213\321\145\366\225\364}{chapter.1}% 21
\BOOKMARK [0][-]{chapter.2}{\376\377\173\054\116\214\172\340\000\040\152\041\147\177\117\177\165\050\213\364\146\016}{}% 22
\BOOKMARK [1][-]{section.2.1}{\376\377\0002\000.\0001\000\040\126\376\162\107}{chapter.2}% 23
\BOOKMARK [1][-]{section.2.2}{\376\377\0002\000.\0002\000\040\210\150\150\074}{chapter.2}% 24
\BOOKMARK [2][-]{subsection.2.2.1}{\376\377\0002\000.\0002\000.\0001\000\040\146\156\220\032\210\150\150\074}{section.2.2}% 25
\BOOKMARK [2][-]{subsection.2.2.2}{\376\377\0002\000.\0002\000.\0002\000\040\136\046\226\104\154\350\210\150\150\074}{section.2.2}% 26
\BOOKMARK [2][-]{subsection.2.2.3}{\376\377\0002\000.\0002\000.\0003\000\040\215\350\230\165\210\150\150\074}{section.2.2}% 27
\BOOKMARK [2][-]{subsection.2.2.4}{\376\377\0002\000.\0002\000.\0004\000\040\215\350\230\165\136\046\226\104\154\350\210\150\150\074\377\010\0002\0000\0002\0005\000.\0000\0001\000.\0000\0005\377\011}{section.2.2}% 28
\BOOKMARK [1][-]{section.2.3}{\376\377\0002\000.\0003\000\040\117\052\116\343\170\001}{chapter.2}% 29
\BOOKMARK [1][-]{section.2.4}{\376\377\0002\000.\0004\000\040\133\232\116\111\060\001\121\154\164\006\060\001\133\232\164\006\060\001\124\175\230\230\060\001\143\250\213\272\060\001\137\025\164\006\060\001\171\072\117\213\060\001\120\107\213\276\060\001\154\350\060\001\213\301\146\016}{chapter.2}% 30
\BOOKMARK [1][-]{section.2.5}{\376\377\0002\000.\0005\000\040\201\032\154\350}{chapter.2}% 31
\BOOKMARK [1][-]{section.2.6}{\376\377\0002\000.\0006\000\040\152\041\147\177\116\055\166\204\124\004\171\315\177\026\123\367}{chapter.2}% 32
\BOOKMARK [0][-]{chapter*.37}{\376\377\131\026\145\207\215\104\145\231\123\237\145\207}{}% 33
\BOOKMARK [0][-]{chapter*.40}{\376\377\131\026\145\207\215\104\145\231\213\321\145\207}{}% 34
